This is PINS'24 compiler (pushdown machine):

                FP =>  65532:           -1
                SP =>  65528:           -1

                    0: NAME n

                FP =>  65532:           -1
                       65528:           -1
                SP =>  65524:          209

                    5: NAME :3

                FP =>  65532:           -1
                       65528:           -1
                       65524:          209
                SP =>  65520:          213

                   10: INIT

                FP =>  65532:           -1
                SP =>  65528:           -1

                   11: PUSH 0

                FP =>  65532:           -1
                       65528:           -1
                SP =>  65524:            0

                   16: NAME main

                FP =>  65532:           -1
                       65528:           -1
                       65524:            0
                SP =>  65520:           33

                   21: CALL

                       65532:           -1
                       65528:           -1
                FP =>  65524:            0 ... SL
                       65520:        65532 ... FP *** main ***
                SP =>  65516:           22 ... RA

     [1.1:18.7]    33: PUSH -4

                       65532:           -1
                       65528:           -1
                FP =>  65524:            0 ... SL
                       65520:        65532 ... FP *** main ***
                       65516:           22 ... RA
     [1.1:18.7] SP =>  65512:           -4 ... var: m

     [1.1:18.7]    38: POPN

                       65532:           -1
                       65528:           -1
                FP =>  65524:            0 ... SL
                       65520:        65532 ... FP *** main ***
                       65516:           22 ... RA
     [1.1:18.7] SP =>  65512:            0 ... var: m

                   39: REGN.FP

                       65532:           -1
                       65528:           -1
                FP =>  65524:            0 ... SL
                       65520:        65532 ... FP *** main ***
                       65516:           22 ... RA
     [1.1:18.7]        65512:            0 ... var: m
                SP =>  65508:        65524

                   40: PUSH -12

                       65532:           -1
                       65528:           -1
                FP =>  65524:            0 ... SL
                       65520:        65532 ... FP *** main ***
                       65516:           22 ... RA
     [1.1:18.7]        65512:            0 ... var: m
                       65508:        65524
                SP =>  65504:          -12

                   45: OPER.ADD

                       65532:           -1
                       65528:           -1
                FP =>  65524:            0 ... SL
                       65520:        65532 ... FP *** main ***
                       65516:           22 ... RA
     [1.1:18.7]        65512:            0 ... var: m
                SP =>  65508:        65512

                   46: NAME :0

                       65532:           -1
                       65528:           -1
                FP =>  65524:            0 ... SL
                       65520:        65532 ... FP *** main ***
                       65516:           22 ... RA
     [1.1:18.7]        65512:            0 ... var: m
                       65508:        65512
                SP =>  65504:          161

                   51: INIT

                       65532:           -1
                       65528:           -1
                FP =>  65524:            0 ... SL
                       65520:        65532 ... FP *** main ***
                       65516:           22 ... RA
     [1.1:18.7] SP =>  65512:            5 ... var: m

  [17.12:17.13]    52: PUSH 11

                       65532:           -1
                       65528:           -1
                FP =>  65524:            0 ... SL
                       65520:        65532 ... FP *** main ***
                       65516:           22 ... RA
     [1.1:18.7]        65512:            5 ... var: m
  [17.12:17.13] SP =>  65508:           11

   [17.9:17.14]    57: REGN.FP

                       65532:           -1
                       65528:           -1
                FP =>  65524:            0 ... SL
                       65520:        65532 ... FP *** main ***
                       65516:           22 ... RA
     [1.1:18.7]        65512:            5 ... var: m
  [17.12:17.13]        65508:           11
   [17.9:17.14] SP =>  65504:        65524

   [17.9:17.14]    58: NAME main.f1

                       65532:           -1
                       65528:           -1
                FP =>  65524:            0 ... SL
                       65520:        65532 ... FP *** main ***
                       65516:           22 ... RA
     [1.1:18.7]        65512:            5 ... var: m
  [17.12:17.13]        65508:           11
   [17.9:17.14]        65504:        65524
   [17.9:17.14] SP =>  65500:           70

   [17.9:17.14]    63: CALL

                       65532:           -1
                       65528:           -1
                       65524:            0 ... SL
                       65520:        65532 ... FP *** main ***
                       65516:           22 ... RA
     [1.1:18.7]        65512:            5 ... var: m
  [17.12:17.13]        65508:           11 ... par: p1
   [17.9:17.14] FP =>  65504:        65524 ... SL
   [17.9:17.14]        65500:        65524 ... FP *** main.f1 ***
   [17.9:17.14] SP =>  65496:           64 ... RA

    [4.9:15.15]    70: PUSH -4

                       65532:           -1
                       65528:           -1
                       65524:            0 ... SL
                       65520:        65532 ... FP *** main ***
                       65516:           22 ... RA
     [1.1:18.7]        65512:            5 ... var: m
  [17.12:17.13]        65508:           11 ... par: p1
   [17.9:17.14] FP =>  65504:        65524 ... SL
   [17.9:17.14]        65500:        65524 ... FP *** main.f1 ***
   [17.9:17.14]        65496:           64 ... RA
    [4.9:15.15] SP =>  65492:           -4 ... var: v1

    [4.9:15.15]    75: POPN

                       65532:           -1
                       65528:           -1
                       65524:            0 ... SL
                       65520:        65532 ... FP *** main ***
                       65516:           22 ... RA
     [1.1:18.7]        65512:            5 ... var: m
  [17.12:17.13]        65508:           11 ... par: p1
   [17.9:17.14] FP =>  65504:        65524 ... SL
   [17.9:17.14]        65500:        65524 ... FP *** main.f1 ***
   [17.9:17.14]        65496:           64 ... RA
    [4.9:15.15] SP =>  65492:            0 ... var: v1

                   76: REGN.FP

                       65532:           -1
                       65528:           -1
                       65524:            0 ... SL
                       65520:        65532 ... FP *** main ***
                       65516:           22 ... RA
     [1.1:18.7]        65512:            5 ... var: m
  [17.12:17.13]        65508:           11 ... par: p1
   [17.9:17.14] FP =>  65504:        65524 ... SL
   [17.9:17.14]        65500:        65524 ... FP *** main.f1 ***
   [17.9:17.14]        65496:           64 ... RA
    [4.9:15.15]        65492:            0 ... var: v1
                SP =>  65488:        65504

                   77: PUSH -12

                       65532:           -1
                       65528:           -1
                       65524:            0 ... SL
                       65520:        65532 ... FP *** main ***
                       65516:           22 ... RA
     [1.1:18.7]        65512:            5 ... var: m
  [17.12:17.13]        65508:           11 ... par: p1
   [17.9:17.14] FP =>  65504:        65524 ... SL
   [17.9:17.14]        65500:        65524 ... FP *** main.f1 ***
   [17.9:17.14]        65496:           64 ... RA
    [4.9:15.15]        65492:            0 ... var: v1
                       65488:        65504
                SP =>  65484:          -12

                   82: OPER.ADD

                       65532:           -1
                       65528:           -1
                       65524:            0 ... SL
                       65520:        65532 ... FP *** main ***
                       65516:           22 ... RA
     [1.1:18.7]        65512:            5 ... var: m
  [17.12:17.13]        65508:           11 ... par: p1
   [17.9:17.14] FP =>  65504:        65524 ... SL
   [17.9:17.14]        65500:        65524 ... FP *** main.f1 ***
   [17.9:17.14]        65496:           64 ... RA
    [4.9:15.15]        65492:            0 ... var: v1
                SP =>  65488:        65492

                   83: NAME :1

                       65532:           -1
                       65528:           -1
                       65524:            0 ... SL
                       65520:        65532 ... FP *** main ***
                       65516:           22 ... RA
     [1.1:18.7]        65512:            5 ... var: m
  [17.12:17.13]        65508:           11 ... par: p1
   [17.9:17.14] FP =>  65504:        65524 ... SL
   [17.9:17.14]        65500:        65524 ... FP *** main.f1 ***
   [17.9:17.14]        65496:           64 ... RA
    [4.9:15.15]        65492:            0 ... var: v1
                       65488:        65492
                SP =>  65484:          177

                   88: INIT

                       65532:           -1
                       65528:           -1
                       65524:            0 ... SL
                       65520:        65532 ... FP *** main ***
                       65516:           22 ... RA
     [1.1:18.7]        65512:            5 ... var: m
  [17.12:17.13]        65508:           11 ... par: p1
   [17.9:17.14] FP =>  65504:        65524 ... SL
   [17.9:17.14]        65500:        65524 ... FP *** main.f1 ***
   [17.9:17.14]        65496:           64 ... RA
    [4.9:15.15] SP =>  65492:            7 ... var: v1

  [14.20:14.20]    89: PUSH 3

                       65532:           -1
                       65528:           -1
                       65524:            0 ... SL
                       65520:        65532 ... FP *** main ***
                       65516:           22 ... RA
     [1.1:18.7]        65512:            5 ... var: m
  [17.12:17.13]        65508:           11 ... par: p1
   [17.9:17.14] FP =>  65504:        65524 ... SL
   [17.9:17.14]        65500:        65524 ... FP *** main.f1 ***
   [17.9:17.14]        65496:           64 ... RA
    [4.9:15.15]        65492:            7 ... var: v1
  [14.20:14.20] SP =>  65488:            3

  [14.17:14.21]    94: REGN.FP

                       65532:           -1
                       65528:           -1
                       65524:            0 ... SL
                       65520:        65532 ... FP *** main ***
                       65516:           22 ... RA
     [1.1:18.7]        65512:            5 ... var: m
  [17.12:17.13]        65508:           11 ... par: p1
   [17.9:17.14] FP =>  65504:        65524 ... SL
   [17.9:17.14]        65500:        65524 ... FP *** main.f1 ***
   [17.9:17.14]        65496:           64 ... RA
    [4.9:15.15]        65492:            7 ... var: v1
  [14.20:14.20]        65488:            3
  [14.17:14.21] SP =>  65484:        65504

  [14.17:14.21]    95: NAME main.f1.f2

                       65532:           -1
                       65528:           -1
                       65524:            0 ... SL
                       65520:        65532 ... FP *** main ***
                       65516:           22 ... RA
     [1.1:18.7]        65512:            5 ... var: m
  [17.12:17.13]        65508:           11 ... par: p1
   [17.9:17.14] FP =>  65504:        65524 ... SL
   [17.9:17.14]        65500:        65524 ... FP *** main.f1 ***
   [17.9:17.14]        65496:           64 ... RA
    [4.9:15.15]        65492:            7 ... var: v1
  [14.20:14.20]        65488:            3
  [14.17:14.21]        65484:        65504
  [14.17:14.21] SP =>  65480:          107

  [14.17:14.21]   100: CALL

                       65532:           -1
                       65528:           -1
                       65524:            0 ... SL
                       65520:        65532 ... FP *** main ***
                       65516:           22 ... RA
     [1.1:18.7]        65512:            5 ... var: m
  [17.12:17.13]        65508:           11 ... par: p1
   [17.9:17.14]        65504:        65524 ... SL
   [17.9:17.14]        65500:        65524 ... FP *** main.f1 ***
   [17.9:17.14]        65496:           64 ... RA
    [4.9:15.15]        65492:            7 ... var: v1
  [14.20:14.20]        65488:            3 ... par: p2
  [14.17:14.21] FP =>  65484:        65504 ... SL
  [14.17:14.21]        65480:        65504 ... FP *** main.f1.f2 ***
  [14.17:14.21] SP =>  65476:          101 ... RA

   [7.17:12.23]   107: PUSH -4

                       65532:           -1
                       65528:           -1
                       65524:            0 ... SL
                       65520:        65532 ... FP *** main ***
                       65516:           22 ... RA
     [1.1:18.7]        65512:            5 ... var: m
  [17.12:17.13]        65508:           11 ... par: p1
   [17.9:17.14]        65504:        65524 ... SL
   [17.9:17.14]        65500:        65524 ... FP *** main.f1 ***
   [17.9:17.14]        65496:           64 ... RA
    [4.9:15.15]        65492:            7 ... var: v1
  [14.20:14.20]        65488:            3 ... par: p2
  [14.17:14.21] FP =>  65484:        65504 ... SL
  [14.17:14.21]        65480:        65504 ... FP *** main.f1.f2 ***
  [14.17:14.21]        65476:          101 ... RA
   [7.17:12.23] SP =>  65472:           -4 ... var: v2

   [7.17:12.23]   112: POPN

                       65532:           -1
                       65528:           -1
                       65524:            0 ... SL
                       65520:        65532 ... FP *** main ***
                       65516:           22 ... RA
     [1.1:18.7]        65512:            5 ... var: m
  [17.12:17.13]        65508:           11 ... par: p1
   [17.9:17.14]        65504:        65524 ... SL
   [17.9:17.14]        65500:        65524 ... FP *** main.f1 ***
   [17.9:17.14]        65496:           64 ... RA
    [4.9:15.15]        65492:            7 ... var: v1
  [14.20:14.20]        65488:            3 ... par: p2
  [14.17:14.21] FP =>  65484:        65504 ... SL
  [14.17:14.21]        65480:        65504 ... FP *** main.f1.f2 ***
  [14.17:14.21]        65476:          101 ... RA
   [7.17:12.23] SP =>  65472:            0 ... var: v2

                  113: REGN.FP

                       65532:           -1
                       65528:           -1
                       65524:            0 ... SL
                       65520:        65532 ... FP *** main ***
                       65516:           22 ... RA
     [1.1:18.7]        65512:            5 ... var: m
  [17.12:17.13]        65508:           11 ... par: p1
   [17.9:17.14]        65504:        65524 ... SL
   [17.9:17.14]        65500:        65524 ... FP *** main.f1 ***
   [17.9:17.14]        65496:           64 ... RA
    [4.9:15.15]        65492:            7 ... var: v1
  [14.20:14.20]        65488:            3 ... par: p2
  [14.17:14.21] FP =>  65484:        65504 ... SL
  [14.17:14.21]        65480:        65504 ... FP *** main.f1.f2 ***
  [14.17:14.21]        65476:          101 ... RA
   [7.17:12.23]        65472:            0 ... var: v2
                SP =>  65468:        65484

                  114: PUSH -12

                       65532:           -1
                       65528:           -1
                       65524:            0 ... SL
                       65520:        65532 ... FP *** main ***
                       65516:           22 ... RA
     [1.1:18.7]        65512:            5 ... var: m
  [17.12:17.13]        65508:           11 ... par: p1
   [17.9:17.14]        65504:        65524 ... SL
   [17.9:17.14]        65500:        65524 ... FP *** main.f1 ***
   [17.9:17.14]        65496:           64 ... RA
    [4.9:15.15]        65492:            7 ... var: v1
  [14.20:14.20]        65488:            3 ... par: p2
  [14.17:14.21] FP =>  65484:        65504 ... SL
  [14.17:14.21]        65480:        65504 ... FP *** main.f1.f2 ***
  [14.17:14.21]        65476:          101 ... RA
   [7.17:12.23]        65472:            0 ... var: v2
                       65468:        65484
                SP =>  65464:          -12

                  119: OPER.ADD

                       65532:           -1
                       65528:           -1
                       65524:            0 ... SL
                       65520:        65532 ... FP *** main ***
                       65516:           22 ... RA
     [1.1:18.7]        65512:            5 ... var: m
  [17.12:17.13]        65508:           11 ... par: p1
   [17.9:17.14]        65504:        65524 ... SL
   [17.9:17.14]        65500:        65524 ... FP *** main.f1 ***
   [17.9:17.14]        65496:           64 ... RA
    [4.9:15.15]        65492:            7 ... var: v1
  [14.20:14.20]        65488:            3 ... par: p2
  [14.17:14.21] FP =>  65484:        65504 ... SL
  [14.17:14.21]        65480:        65504 ... FP *** main.f1.f2 ***
  [14.17:14.21]        65476:          101 ... RA
   [7.17:12.23]        65472:            0 ... var: v2
                SP =>  65468:        65472

                  120: NAME :2

                       65532:           -1
                       65528:           -1
                       65524:            0 ... SL
                       65520:        65532 ... FP *** main ***
                       65516:           22 ... RA
     [1.1:18.7]        65512:            5 ... var: m
  [17.12:17.13]        65508:           11 ... par: p1
   [17.9:17.14]        65504:        65524 ... SL
   [17.9:17.14]        65500:        65524 ... FP *** main.f1 ***
   [17.9:17.14]        65496:           64 ... RA
    [4.9:15.15]        65492:            7 ... var: v1
  [14.20:14.20]        65488:            3 ... par: p2
  [14.17:14.21] FP =>  65484:        65504 ... SL
  [14.17:14.21]        65480:        65504 ... FP *** main.f1.f2 ***
  [14.17:14.21]        65476:          101 ... RA
   [7.17:12.23]        65472:            0 ... var: v2
                       65468:        65472
                SP =>  65464:          193

                  125: INIT

                       65532:           -1
                       65528:           -1
                       65524:            0 ... SL
                       65520:        65532 ... FP *** main ***
                       65516:           22 ... RA
     [1.1:18.7]        65512:            5 ... var: m
  [17.12:17.13]        65508:           11 ... par: p1
   [17.9:17.14]        65504:        65524 ... SL
   [17.9:17.14]        65500:        65524 ... FP *** main.f1 ***
   [17.9:17.14]        65496:           64 ... RA
    [4.9:15.15]        65492:            7 ... var: v1
  [14.20:14.20]        65488:            3 ... par: p2
  [14.17:14.21] FP =>  65484:        65504 ... SL
  [14.17:14.21]        65480:        65504 ... FP *** main.f1.f2 ***
  [14.17:14.21]        65476:          101 ... RA
   [7.17:12.23] SP =>  65472:            9 ... var: v2

  [11.25:11.26]   126: REGN.FP

                       65532:           -1
                       65528:           -1
                       65524:            0 ... SL
                       65520:        65532 ... FP *** main ***
                       65516:           22 ... RA
     [1.1:18.7]        65512:            5 ... var: m
  [17.12:17.13]        65508:           11 ... par: p1
   [17.9:17.14]        65504:        65524 ... SL
   [17.9:17.14]        65500:        65524 ... FP *** main.f1 ***
   [17.9:17.14]        65496:           64 ... RA
    [4.9:15.15]        65492:            7 ... var: v1
  [14.20:14.20]        65488:            3 ... par: p2
  [14.17:14.21] FP =>  65484:        65504 ... SL
  [14.17:14.21]        65480:        65504 ... FP *** main.f1.f2 ***
  [14.17:14.21]        65476:          101 ... RA
   [7.17:12.23]        65472:            9 ... var: v2
  [11.25:11.26] SP =>  65468:        65484

  [11.25:11.26]   127: PUSH -12

                       65532:           -1
                       65528:           -1
                       65524:            0 ... SL
                       65520:        65532 ... FP *** main ***
                       65516:           22 ... RA
     [1.1:18.7]        65512:            5 ... var: m
  [17.12:17.13]        65508:           11 ... par: p1
   [17.9:17.14]        65504:        65524 ... SL
   [17.9:17.14]        65500:        65524 ... FP *** main.f1 ***
   [17.9:17.14]        65496:           64 ... RA
    [4.9:15.15]        65492:            7 ... var: v1
  [14.20:14.20]        65488:            3 ... par: p2
  [14.17:14.21] FP =>  65484:        65504 ... SL
  [14.17:14.21]        65480:        65504 ... FP *** main.f1.f2 ***
  [14.17:14.21]        65476:          101 ... RA
   [7.17:12.23]        65472:            9 ... var: v2
  [11.25:11.26]        65468:        65484
  [11.25:11.26] SP =>  65464:          -12

  [11.25:11.26]   132: OPER.ADD

                       65532:           -1
                       65528:           -1
                       65524:            0 ... SL
                       65520:        65532 ... FP *** main ***
                       65516:           22 ... RA
     [1.1:18.7]        65512:            5 ... var: m
  [17.12:17.13]        65508:           11 ... par: p1
   [17.9:17.14]        65504:        65524 ... SL
   [17.9:17.14]        65500:        65524 ... FP *** main.f1 ***
   [17.9:17.14]        65496:           64 ... RA
    [4.9:15.15]        65492:            7 ... var: v1
  [14.20:14.20]        65488:            3 ... par: p2
  [14.17:14.21] FP =>  65484:        65504 ... SL
  [14.17:14.21]        65480:        65504 ... FP *** main.f1.f2 ***
  [14.17:14.21]        65476:          101 ... RA
   [7.17:12.23]        65472:            9 ... var: v2
  [11.25:11.26] SP =>  65468:        65472

  [11.25:11.26]   133: LOAD

                       65532:           -1
                       65528:           -1
                       65524:            0 ... SL
                       65520:        65532 ... FP *** main ***
                       65516:           22 ... RA
     [1.1:18.7]        65512:            5 ... var: m
  [17.12:17.13]        65508:           11 ... par: p1
   [17.9:17.14]        65504:        65524 ... SL
   [17.9:17.14]        65500:        65524 ... FP *** main.f1 ***
   [17.9:17.14]        65496:           64 ... RA
    [4.9:15.15]        65492:            7 ... var: v1
  [14.20:14.20]        65488:            3 ... par: p2
  [14.17:14.21] FP =>  65484:        65504 ... SL
  [14.17:14.21]        65480:        65504 ... FP *** main.f1.f2 ***
  [14.17:14.21]        65476:          101 ... RA
   [7.17:12.23]        65472:            9 ... var: v2
  [11.25:11.26] SP =>  65468:            9

  [11.28:11.29]   134: REGN.FP

                       65532:           -1
                       65528:           -1
                       65524:            0 ... SL
                       65520:        65532 ... FP *** main ***
                       65516:           22 ... RA
     [1.1:18.7]        65512:            5 ... var: m
  [17.12:17.13]        65508:           11 ... par: p1
   [17.9:17.14]        65504:        65524 ... SL
   [17.9:17.14]        65500:        65524 ... FP *** main.f1 ***
   [17.9:17.14]        65496:           64 ... RA
    [4.9:15.15]        65492:            7 ... var: v1
  [14.20:14.20]        65488:            3 ... par: p2
  [14.17:14.21] FP =>  65484:        65504 ... SL
  [14.17:14.21]        65480:        65504 ... FP *** main.f1.f2 ***
  [14.17:14.21]        65476:          101 ... RA
   [7.17:12.23]        65472:            9 ... var: v2
  [11.25:11.26]        65468:            9
  [11.28:11.29] SP =>  65464:        65484

  [11.28:11.29]   135: LOAD

                       65532:           -1
                       65528:           -1
                       65524:            0 ... SL
                       65520:        65532 ... FP *** main ***
                       65516:           22 ... RA
     [1.1:18.7]        65512:            5 ... var: m
  [17.12:17.13]        65508:           11 ... par: p1
   [17.9:17.14]        65504:        65524 ... SL
   [17.9:17.14]        65500:        65524 ... FP *** main.f1 ***
   [17.9:17.14]        65496:           64 ... RA
    [4.9:15.15]        65492:            7 ... var: v1
  [14.20:14.20]        65488:            3 ... par: p2
  [14.17:14.21] FP =>  65484:        65504 ... SL
  [14.17:14.21]        65480:        65504 ... FP *** main.f1.f2 ***
  [14.17:14.21]        65476:          101 ... RA
   [7.17:12.23]        65472:            9 ... var: v2
  [11.25:11.26]        65468:            9
  [11.28:11.29] SP =>  65464:        65504

  [11.28:11.29]   136: PUSH -12

                       65532:           -1
                       65528:           -1
                       65524:            0 ... SL
                       65520:        65532 ... FP *** main ***
                       65516:           22 ... RA
     [1.1:18.7]        65512:            5 ... var: m
  [17.12:17.13]        65508:           11 ... par: p1
   [17.9:17.14]        65504:        65524 ... SL
   [17.9:17.14]        65500:        65524 ... FP *** main.f1 ***
   [17.9:17.14]        65496:           64 ... RA
    [4.9:15.15]        65492:            7 ... var: v1
  [14.20:14.20]        65488:            3 ... par: p2
  [14.17:14.21] FP =>  65484:        65504 ... SL
  [14.17:14.21]        65480:        65504 ... FP *** main.f1.f2 ***
  [14.17:14.21]        65476:          101 ... RA
   [7.17:12.23]        65472:            9 ... var: v2
  [11.25:11.26]        65468:            9
  [11.28:11.29]        65464:        65504
  [11.28:11.29] SP =>  65460:          -12

  [11.28:11.29]   141: OPER.ADD

                       65532:           -1
                       65528:           -1
                       65524:            0 ... SL
                       65520:        65532 ... FP *** main ***
                       65516:           22 ... RA
     [1.1:18.7]        65512:            5 ... var: m
  [17.12:17.13]        65508:           11 ... par: p1
   [17.9:17.14]        65504:        65524 ... SL
   [17.9:17.14]        65500:        65524 ... FP *** main.f1 ***
   [17.9:17.14]        65496:           64 ... RA
    [4.9:15.15]        65492:            7 ... var: v1
  [14.20:14.20]        65488:            3 ... par: p2
  [14.17:14.21] FP =>  65484:        65504 ... SL
  [14.17:14.21]        65480:        65504 ... FP *** main.f1.f2 ***
  [14.17:14.21]        65476:          101 ... RA
   [7.17:12.23]        65472:            9 ... var: v2
  [11.25:11.26]        65468:            9
  [11.28:11.29] SP =>  65464:        65492

  [11.28:11.29]   142: LOAD

                       65532:           -1
                       65528:           -1
                       65524:            0 ... SL
                       65520:        65532 ... FP *** main ***
                       65516:           22 ... RA
     [1.1:18.7]        65512:            5 ... var: m
  [17.12:17.13]        65508:           11 ... par: p1
   [17.9:17.14]        65504:        65524 ... SL
   [17.9:17.14]        65500:        65524 ... FP *** main.f1 ***
   [17.9:17.14]        65496:           64 ... RA
    [4.9:15.15]        65492:            7 ... var: v1
  [14.20:14.20]        65488:            3 ... par: p2
  [14.17:14.21] FP =>  65484:        65504 ... SL
  [14.17:14.21]        65480:        65504 ... FP *** main.f1.f2 ***
  [14.17:14.21]        65476:          101 ... RA
   [7.17:12.23]        65472:            9 ... var: v2
  [11.25:11.26]        65468:            9
  [11.28:11.29] SP =>  65464:            7

  [11.25:11.29]   143: OPER.ADD

                       65532:           -1
                       65528:           -1
                       65524:            0 ... SL
                       65520:        65532 ... FP *** main ***
                       65516:           22 ... RA
     [1.1:18.7]        65512:            5 ... var: m
  [17.12:17.13]        65508:           11 ... par: p1
   [17.9:17.14]        65504:        65524 ... SL
   [17.9:17.14]        65500:        65524 ... FP *** main.f1 ***
   [17.9:17.14]        65496:           64 ... RA
    [4.9:15.15]        65492:            7 ... var: v1
  [14.20:14.20]        65488:            3 ... par: p2
  [14.17:14.21] FP =>  65484:        65504 ... SL
  [14.17:14.21]        65480:        65504 ... FP *** main.f1.f2 ***
  [14.17:14.21]        65476:          101 ... RA
   [7.17:12.23]        65472:            9 ... var: v2
  [11.25:11.29] SP =>  65468:           16

  [11.31:11.31]   144: REGN.FP

                       65532:           -1
                       65528:           -1
                       65524:            0 ... SL
                       65520:        65532 ... FP *** main ***
                       65516:           22 ... RA
     [1.1:18.7]        65512:            5 ... var: m
  [17.12:17.13]        65508:           11 ... par: p1
   [17.9:17.14]        65504:        65524 ... SL
   [17.9:17.14]        65500:        65524 ... FP *** main.f1 ***
   [17.9:17.14]        65496:           64 ... RA
    [4.9:15.15]        65492:            7 ... var: v1
  [14.20:14.20]        65488:            3 ... par: p2
  [14.17:14.21] FP =>  65484:        65504 ... SL
  [14.17:14.21]        65480:        65504 ... FP *** main.f1.f2 ***
  [14.17:14.21]        65476:          101 ... RA
   [7.17:12.23]        65472:            9 ... var: v2
  [11.25:11.29]        65468:           16
  [11.31:11.31] SP =>  65464:        65484

  [11.31:11.31]   145: LOAD

                       65532:           -1
                       65528:           -1
                       65524:            0 ... SL
                       65520:        65532 ... FP *** main ***
                       65516:           22 ... RA
     [1.1:18.7]        65512:            5 ... var: m
  [17.12:17.13]        65508:           11 ... par: p1
   [17.9:17.14]        65504:        65524 ... SL
   [17.9:17.14]        65500:        65524 ... FP *** main.f1 ***
   [17.9:17.14]        65496:           64 ... RA
    [4.9:15.15]        65492:            7 ... var: v1
  [14.20:14.20]        65488:            3 ... par: p2
  [14.17:14.21] FP =>  65484:        65504 ... SL
  [14.17:14.21]        65480:        65504 ... FP *** main.f1.f2 ***
  [14.17:14.21]        65476:          101 ... RA
   [7.17:12.23]        65472:            9 ... var: v2
  [11.25:11.29]        65468:           16
  [11.31:11.31] SP =>  65464:        65504

  [11.31:11.31]   146: LOAD

                       65532:           -1
                       65528:           -1
                       65524:            0 ... SL
                       65520:        65532 ... FP *** main ***
                       65516:           22 ... RA
     [1.1:18.7]        65512:            5 ... var: m
  [17.12:17.13]        65508:           11 ... par: p1
   [17.9:17.14]        65504:        65524 ... SL
   [17.9:17.14]        65500:        65524 ... FP *** main.f1 ***
   [17.9:17.14]        65496:           64 ... RA
    [4.9:15.15]        65492:            7 ... var: v1
  [14.20:14.20]        65488:            3 ... par: p2
  [14.17:14.21] FP =>  65484:        65504 ... SL
  [14.17:14.21]        65480:        65504 ... FP *** main.f1.f2 ***
  [14.17:14.21]        65476:          101 ... RA
   [7.17:12.23]        65472:            9 ... var: v2
  [11.25:11.29]        65468:           16
  [11.31:11.31] SP =>  65464:        65524

  [11.31:11.31]   147: PUSH -12

                       65532:           -1
                       65528:           -1
                       65524:            0 ... SL
                       65520:        65532 ... FP *** main ***
                       65516:           22 ... RA
     [1.1:18.7]        65512:            5 ... var: m
  [17.12:17.13]        65508:           11 ... par: p1
   [17.9:17.14]        65504:        65524 ... SL
   [17.9:17.14]        65500:        65524 ... FP *** main.f1 ***
   [17.9:17.14]        65496:           64 ... RA
    [4.9:15.15]        65492:            7 ... var: v1
  [14.20:14.20]        65488:            3 ... par: p2
  [14.17:14.21] FP =>  65484:        65504 ... SL
  [14.17:14.21]        65480:        65504 ... FP *** main.f1.f2 ***
  [14.17:14.21]        65476:          101 ... RA
   [7.17:12.23]        65472:            9 ... var: v2
  [11.25:11.29]        65468:           16
  [11.31:11.31]        65464:        65524
  [11.31:11.31] SP =>  65460:          -12

  [11.31:11.31]   152: OPER.ADD

                       65532:           -1
                       65528:           -1
                       65524:            0 ... SL
                       65520:        65532 ... FP *** main ***
                       65516:           22 ... RA
     [1.1:18.7]        65512:            5 ... var: m
  [17.12:17.13]        65508:           11 ... par: p1
   [17.9:17.14]        65504:        65524 ... SL
   [17.9:17.14]        65500:        65524 ... FP *** main.f1 ***
   [17.9:17.14]        65496:           64 ... RA
    [4.9:15.15]        65492:            7 ... var: v1
  [14.20:14.20]        65488:            3 ... par: p2
  [14.17:14.21] FP =>  65484:        65504 ... SL
  [14.17:14.21]        65480:        65504 ... FP *** main.f1.f2 ***
  [14.17:14.21]        65476:          101 ... RA
   [7.17:12.23]        65472:            9 ... var: v2
  [11.25:11.29]        65468:           16
  [11.31:11.31] SP =>  65464:        65512

  [11.31:11.31]   153: LOAD

                       65532:           -1
                       65528:           -1
                       65524:            0 ... SL
                       65520:        65532 ... FP *** main ***
                       65516:           22 ... RA
     [1.1:18.7]        65512:            5 ... var: m
  [17.12:17.13]        65508:           11 ... par: p1
   [17.9:17.14]        65504:        65524 ... SL
   [17.9:17.14]        65500:        65524 ... FP *** main.f1 ***
   [17.9:17.14]        65496:           64 ... RA
    [4.9:15.15]        65492:            7 ... var: v1
  [14.20:14.20]        65488:            3 ... par: p2
  [14.17:14.21] FP =>  65484:        65504 ... SL
  [14.17:14.21]        65480:        65504 ... FP *** main.f1.f2 ***
  [14.17:14.21]        65476:          101 ... RA
   [7.17:12.23]        65472:            9 ... var: v2
  [11.25:11.29]        65468:           16
  [11.31:11.31] SP =>  65464:            5

  [11.25:11.31]   154: OPER.ADD

                       65532:           -1
                       65528:           -1
                       65524:            0 ... SL
                       65520:        65532 ... FP *** main ***
                       65516:           22 ... RA
     [1.1:18.7]        65512:            5 ... var: m
  [17.12:17.13]        65508:           11 ... par: p1
   [17.9:17.14]        65504:        65524 ... SL
   [17.9:17.14]        65500:        65524 ... FP *** main.f1 ***
   [17.9:17.14]        65496:           64 ... RA
    [4.9:15.15]        65492:            7 ... var: v1
  [14.20:14.20]        65488:            3 ... par: p2
  [14.17:14.21] FP =>  65484:        65504 ... SL
  [14.17:14.21]        65480:        65504 ... FP *** main.f1.f2 ***
  [14.17:14.21]        65476:          101 ... RA
   [7.17:12.23]        65472:            9 ... var: v2
  [11.25:11.31] SP =>  65468:           21

   [7.17:12.23]   155: PUSH 4

                       65532:           -1
                       65528:           -1
                       65524:            0 ... SL
                       65520:        65532 ... FP *** main ***
                       65516:           22 ... RA
     [1.1:18.7]        65512:            5 ... var: m
  [17.12:17.13]        65508:           11 ... par: p1
   [17.9:17.14]        65504:        65524 ... SL
   [17.9:17.14]        65500:        65524 ... FP *** main.f1 ***
   [17.9:17.14]        65496:           64 ... RA
    [4.9:15.15]        65492:            7 ... var: v1
  [14.20:14.20]        65488:            3 ... par: p2
  [14.17:14.21] FP =>  65484:        65504 ... SL
  [14.17:14.21]        65480:        65504 ... FP *** main.f1.f2 ***
  [14.17:14.21]        65476:          101 ... RA
   [7.17:12.23]        65472:            9 ... var: v2
  [11.25:11.31]        65468:           21
   [7.17:12.23] SP =>  65464:            4

   [7.17:12.23]   160: RETN

                       65532:           -1
                       65528:           -1
                       65524:            0 ... SL
                       65520:        65532 ... FP *** main ***
                       65516:           22 ... RA
     [1.1:18.7]        65512:            5 ... var: m
  [17.12:17.13]        65508:           11 ... par: p1
   [17.9:17.14] FP =>  65504:        65524 ... SL
   [17.9:17.14]        65500:        65524 ... FP *** main.f1 ***
   [17.9:17.14]        65496:           64 ... RA
    [4.9:15.15]        65492:            7 ... var: v1
   [7.17:12.23] SP =>  65488:           21

    [4.9:15.15]   101: PUSH 4

                       65532:           -1
                       65528:           -1
                       65524:            0 ... SL
                       65520:        65532 ... FP *** main ***
                       65516:           22 ... RA
     [1.1:18.7]        65512:            5 ... var: m
  [17.12:17.13]        65508:           11 ... par: p1
   [17.9:17.14] FP =>  65504:        65524 ... SL
   [17.9:17.14]        65500:        65524 ... FP *** main.f1 ***
   [17.9:17.14]        65496:           64 ... RA
    [4.9:15.15]        65492:            7 ... var: v1
   [7.17:12.23]        65488:           21
    [4.9:15.15] SP =>  65484:            4

    [4.9:15.15]   106: RETN

                       65532:           -1
                       65528:           -1
                FP =>  65524:            0 ... SL
                       65520:        65532 ... FP *** main ***
                       65516:           22 ... RA
     [1.1:18.7]        65512:            5 ... var: m
    [4.9:15.15] SP =>  65508:           21

     [1.1:18.7]    64: PUSH 0

                       65532:           -1
                       65528:           -1
                FP =>  65524:            0 ... SL
                       65520:        65532 ... FP *** main ***
                       65516:           22 ... RA
     [1.1:18.7]        65512:            5 ... var: m
    [4.9:15.15]        65508:           21
     [1.1:18.7] SP =>  65504:            0

     [1.1:18.7]    69: RETN

                FP =>  65532:           -1
                       65528:           -1
     [1.1:18.7] SP =>  65524:           21

                   22: PUSH 0

                FP =>  65532:           -1
                       65528:           -1
     [1.1:18.7]        65524:           21
                SP =>  65520:            0

                   27: NAME exit

                FP =>  65532:           -1
                       65528:           -1
     [1.1:18.7]        65524:           21
                       65520:            0
                SP =>  65516:           -1

                   32: CALL

EXIT CODE (SP=65536): 21
:-) Done.
