This is PINS'24 compiler (pushdown machine):

                FP =>  65532:           -1 
                SP =>  65528:           -1 

[1m                    0: NAME y[0m

                FP =>  65532:           -1 
                       65528:           -1 
                SP =>  65524:          154 

[1m                    5: NAME :2[0m

                FP =>  65532:           -1 
                       65528:           -1 
                       65524:          154 
                SP =>  65520:          162 

[1m                   10: INIT[0m

                FP =>  65532:           -1 
                SP =>  65528:           -1 

[1m                   11: PUSH 0[0m

                FP =>  65532:           -1 
                       65528:           -1 
                SP =>  65524:            0 

[1m                   16: NAME main[0m

                FP =>  65532:           -1 
                       65528:           -1 
                       65524:            0 
                SP =>  65520:           33 

[1m                   21: CALL[0m

                       65532:           -1 
                       65528:           -1 
                FP =>  65524:            0 ... SL
                       65520:        65532 ... FP *** main ***
                SP =>  65516:           22 ... RA 

[1m      [1.1:7.7]    33: PUSH -12[0m

                       65532:           -1 
                       65528:           -1 
                FP =>  65524:            0 ... SL
                       65520:        65532 ... FP *** main ***
                       65516:           22 ... RA 
      [1.1:7.7] SP =>  65512:          -12 ... var: x[1]

[1m      [1.1:7.7]    38: POPN[0m

                       65532:           -1 
                       65528:           -1 
                FP =>  65524:            0 ... SL
                       65520:        65532 ... FP *** main ***
                       65516:           22 ... RA 
      [1.1:7.7]        65512:            0 ... var: x[1]
      [1.1:7.7]        65508:            0 ... var: x[0]
      [1.1:7.7] SP =>  65504:            0 ... var: i

[1m                   39: REGN.FP[0m

                       65532:           -1 
                       65528:           -1 
                FP =>  65524:            0 ... SL
                       65520:        65532 ... FP *** main ***
                       65516:           22 ... RA 
      [1.1:7.7]        65512:            0 ... var: x[1]
      [1.1:7.7]        65508:            0 ... var: x[0]
      [1.1:7.7]        65504:            0 ... var: i
                SP =>  65500:        65524 

[1m                   40: PUSH -16[0m

                       65532:           -1 
                       65528:           -1 
                FP =>  65524:            0 ... SL
                       65520:        65532 ... FP *** main ***
                       65516:           22 ... RA 
      [1.1:7.7]        65512:            0 ... var: x[1]
      [1.1:7.7]        65508:            0 ... var: x[0]
      [1.1:7.7]        65504:            0 ... var: i
                       65500:        65524 
                SP =>  65496:          -16 

[1m                   45: OPER.ADD[0m

                       65532:           -1 
                       65528:           -1 
                FP =>  65524:            0 ... SL
                       65520:        65532 ... FP *** main ***
                       65516:           22 ... RA 
      [1.1:7.7]        65512:            0 ... var: x[1]
      [1.1:7.7]        65508:            0 ... var: x[0]
      [1.1:7.7]        65504:            0 ... var: i
                SP =>  65500:        65508 

[1m                   46: NAME :0[0m

                       65532:           -1 
                       65528:           -1 
                FP =>  65524:            0 ... SL
                       65520:        65532 ... FP *** main ***
                       65516:           22 ... RA 
      [1.1:7.7]        65512:            0 ... var: x[1]
      [1.1:7.7]        65508:            0 ... var: x[0]
      [1.1:7.7]        65504:            0 ... var: i
                       65500:        65508 
                SP =>  65496:          110 

[1m                   51: INIT[0m

                       65532:           -1 
                       65528:           -1 
                FP =>  65524:            0 ... SL
                       65520:        65532 ... FP *** main ***
                       65516:           22 ... RA 
      [1.1:7.7]        65512:            4 ... var: x[1]
      [1.1:7.7]        65508:            3 ... var: x[0]
      [1.1:7.7] SP =>  65504:            0 ... var: i

[1m                   52: REGN.FP[0m

                       65532:           -1 
                       65528:           -1 
                FP =>  65524:            0 ... SL
                       65520:        65532 ... FP *** main ***
                       65516:           22 ... RA 
      [1.1:7.7]        65512:            4 ... var: x[1]
      [1.1:7.7]        65508:            3 ... var: x[0]
      [1.1:7.7]        65504:            0 ... var: i
                SP =>  65500:        65524 

[1m                   53: PUSH -20[0m

                       65532:           -1 
                       65528:           -1 
                FP =>  65524:            0 ... SL
                       65520:        65532 ... FP *** main ***
                       65516:           22 ... RA 
      [1.1:7.7]        65512:            4 ... var: x[1]
      [1.1:7.7]        65508:            3 ... var: x[0]
      [1.1:7.7]        65504:            0 ... var: i
                       65500:        65524 
                SP =>  65496:          -20 

[1m                   58: OPER.ADD[0m

                       65532:           -1 
                       65528:           -1 
                FP =>  65524:            0 ... SL
                       65520:        65532 ... FP *** main ***
                       65516:           22 ... RA 
      [1.1:7.7]        65512:            4 ... var: x[1]
      [1.1:7.7]        65508:            3 ... var: x[0]
      [1.1:7.7]        65504:            0 ... var: i
                SP =>  65500:        65504 

[1m                   59: NAME :1[0m

                       65532:           -1 
                       65528:           -1 
                FP =>  65524:            0 ... SL
                       65520:        65532 ... FP *** main ***
                       65516:           22 ... RA 
      [1.1:7.7]        65512:            4 ... var: x[1]
      [1.1:7.7]        65508:            3 ... var: x[0]
      [1.1:7.7]        65504:            0 ... var: i
                       65500:        65504 
                SP =>  65496:          138 

[1m                   64: INIT[0m

                       65532:           -1 
                       65528:           -1 
                FP =>  65524:            0 ... SL
                       65520:        65532 ... FP *** main ***
                       65516:           22 ... RA 
      [1.1:7.7]        65512:            4 ... var: x[1]
      [1.1:7.7]        65508:            3 ... var: x[0]
      [1.1:7.7] SP =>  65504:            0 ... var: i

[1m    [6.13:6.14]    65: PUSH 10[0m

                       65532:           -1 
                       65528:           -1 
                FP =>  65524:            0 ... SL
                       65520:        65532 ... FP *** main ***
                       65516:           22 ... RA 
      [1.1:7.7]        65512:            4 ... var: x[1]
      [1.1:7.7]        65508:            3 ... var: x[0]
      [1.1:7.7]        65504:            0 ... var: i
    [6.13:6.14] SP =>  65500:           10 

[1m     [6.9:6.15]    70: REGN.FP[0m

                       65532:           -1 
                       65528:           -1 
                FP =>  65524:            0 ... SL
                       65520:        65532 ... FP *** main ***
                       65516:           22 ... RA 
      [1.1:7.7]        65512:            4 ... var: x[1]
      [1.1:7.7]        65508:            3 ... var: x[0]
      [1.1:7.7]        65504:            0 ... var: i
    [6.13:6.14]        65500:           10 
     [6.9:6.15] SP =>  65496:        65524 

[1m     [6.9:6.15]    71: LOAD[0m

                       65532:           -1 
                       65528:           -1 
                FP =>  65524:            0 ... SL
                       65520:        65532 ... FP *** main ***
                       65516:           22 ... RA 
      [1.1:7.7]        65512:            4 ... var: x[1]
      [1.1:7.7]        65508:            3 ... var: x[0]
      [1.1:7.7]        65504:            0 ... var: i
    [6.13:6.14]        65500:           10 
     [6.9:6.15] SP =>  65496:            0 

[1m     [6.9:6.15]    72: NAME inc[0m

                       65532:           -1 
                       65528:           -1 
                FP =>  65524:            0 ... SL
                       65520:        65532 ... FP *** main ***
                       65516:           22 ... RA 
      [1.1:7.7]        65512:            4 ... var: x[1]
      [1.1:7.7]        65508:            3 ... var: x[0]
      [1.1:7.7]        65504:            0 ... var: i
    [6.13:6.14]        65500:           10 
     [6.9:6.15]        65496:            0 
     [6.9:6.15] SP =>  65492:           84 

[1m     [6.9:6.15]    77: CALL[0m

                       65532:           -1 
                       65528:           -1 
                       65524:            0 ... SL
                       65520:        65532 ... FP *** main ***
                       65516:           22 ... RA 
      [1.1:7.7]        65512:            4 ... var: x[1]
      [1.1:7.7]        65508:            3 ... var: x[0]
      [1.1:7.7]        65504:            0 ... var: i
    [6.13:6.14]        65500:           10 ... par: n
     [6.9:6.15] FP =>  65496:            0 ... SL
     [6.9:6.15]        65492:        65524 ... FP *** inc ***
     [6.9:6.15] SP =>  65488:           78 ... RA 

[1m     [9.1:9.14]    84: PUSH 0[0m

                       65532:           -1 
                       65528:           -1 
                       65524:            0 ... SL
                       65520:        65532 ... FP *** main ***
                       65516:           22 ... RA 
      [1.1:7.7]        65512:            4 ... var: x[1]
      [1.1:7.7]        65508:            3 ... var: x[0]
      [1.1:7.7]        65504:            0 ... var: i
    [6.13:6.14]        65500:           10 ... par: n
     [6.9:6.15] FP =>  65496:            0 ... SL
     [6.9:6.15]        65492:        65524 ... FP *** inc ***
     [6.9:6.15]        65488:           78 ... RA 
     [9.1:9.14] SP =>  65484:            0 

[1m     [9.1:9.14]    89: POPN[0m

                       65532:           -1 
                       65528:           -1 
                       65524:            0 ... SL
                       65520:        65532 ... FP *** main ***
                       65516:           22 ... RA 
      [1.1:7.7]        65512:            4 ... var: x[1]
      [1.1:7.7]        65508:            3 ... var: x[0]
      [1.1:7.7]        65504:            0 ... var: i
    [6.13:6.14]        65500:           10 ... par: n
     [6.9:6.15] FP =>  65496:            0 ... SL
     [6.9:6.15]        65492:        65524 ... FP *** inc ***
     [6.9:6.15] SP =>  65488:           78 ... RA 

[1m    [9.12:9.12]    90: REGN.FP[0m

                       65532:           -1 
                       65528:           -1 
                       65524:            0 ... SL
                       65520:        65532 ... FP *** main ***
                       65516:           22 ... RA 
      [1.1:7.7]        65512:            4 ... var: x[1]
      [1.1:7.7]        65508:            3 ... var: x[0]
      [1.1:7.7]        65504:            0 ... var: i
    [6.13:6.14]        65500:           10 ... par: n
     [6.9:6.15] FP =>  65496:            0 ... SL
     [6.9:6.15]        65492:        65524 ... FP *** inc ***
     [6.9:6.15]        65488:           78 ... RA 
    [9.12:9.12] SP =>  65484:        65496 

[1m    [9.12:9.12]    91: PUSH 4[0m

                       65532:           -1 
                       65528:           -1 
                       65524:            0 ... SL
                       65520:        65532 ... FP *** main ***
                       65516:           22 ... RA 
      [1.1:7.7]        65512:            4 ... var: x[1]
      [1.1:7.7]        65508:            3 ... var: x[0]
      [1.1:7.7]        65504:            0 ... var: i
    [6.13:6.14]        65500:           10 ... par: n
     [6.9:6.15] FP =>  65496:            0 ... SL
     [6.9:6.15]        65492:        65524 ... FP *** inc ***
     [6.9:6.15]        65488:           78 ... RA 
    [9.12:9.12]        65484:        65496 
    [9.12:9.12] SP =>  65480:            4 

[1m    [9.12:9.12]    96: OPER.ADD[0m

                       65532:           -1 
                       65528:           -1 
                       65524:            0 ... SL
                       65520:        65532 ... FP *** main ***
                       65516:           22 ... RA 
      [1.1:7.7]        65512:            4 ... var: x[1]
      [1.1:7.7]        65508:            3 ... var: x[0]
      [1.1:7.7]        65504:            0 ... var: i
    [6.13:6.14]        65500:           10 ... par: n
     [6.9:6.15] FP =>  65496:            0 ... SL
     [6.9:6.15]        65492:        65524 ... FP *** inc ***
     [6.9:6.15]        65488:           78 ... RA 
    [9.12:9.12] SP =>  65484:        65500 

[1m    [9.12:9.12]    97: LOAD[0m

                       65532:           -1 
                       65528:           -1 
                       65524:            0 ... SL
                       65520:        65532 ... FP *** main ***
                       65516:           22 ... RA 
      [1.1:7.7]        65512:            4 ... var: x[1]
      [1.1:7.7]        65508:            3 ... var: x[0]
      [1.1:7.7]        65504:            0 ... var: i
    [6.13:6.14]        65500:           10 ... par: n
     [6.9:6.15] FP =>  65496:            0 ... SL
     [6.9:6.15]        65492:        65524 ... FP *** inc ***
     [6.9:6.15]        65488:           78 ... RA 
    [9.12:9.12] SP =>  65484:           10 

[1m    [9.14:9.14]    98: PUSH 1[0m

                       65532:           -1 
                       65528:           -1 
                       65524:            0 ... SL
                       65520:        65532 ... FP *** main ***
                       65516:           22 ... RA 
      [1.1:7.7]        65512:            4 ... var: x[1]
      [1.1:7.7]        65508:            3 ... var: x[0]
      [1.1:7.7]        65504:            0 ... var: i
    [6.13:6.14]        65500:           10 ... par: n
     [6.9:6.15] FP =>  65496:            0 ... SL
     [6.9:6.15]        65492:        65524 ... FP *** inc ***
     [6.9:6.15]        65488:           78 ... RA 
    [9.12:9.12]        65484:           10 
    [9.14:9.14] SP =>  65480:            1 

[1m    [9.12:9.14]   103: OPER.ADD[0m

                       65532:           -1 
                       65528:           -1 
                       65524:            0 ... SL
                       65520:        65532 ... FP *** main ***
                       65516:           22 ... RA 
      [1.1:7.7]        65512:            4 ... var: x[1]
      [1.1:7.7]        65508:            3 ... var: x[0]
      [1.1:7.7]        65504:            0 ... var: i
    [6.13:6.14]        65500:           10 ... par: n
     [6.9:6.15] FP =>  65496:            0 ... SL
     [6.9:6.15]        65492:        65524 ... FP *** inc ***
     [6.9:6.15]        65488:           78 ... RA 
    [9.12:9.14] SP =>  65484:           11 

[1m     [9.1:9.14]   104: PUSH 4[0m

                       65532:           -1 
                       65528:           -1 
                       65524:            0 ... SL
                       65520:        65532 ... FP *** main ***
                       65516:           22 ... RA 
      [1.1:7.7]        65512:            4 ... var: x[1]
      [1.1:7.7]        65508:            3 ... var: x[0]
      [1.1:7.7]        65504:            0 ... var: i
    [6.13:6.14]        65500:           10 ... par: n
     [6.9:6.15] FP =>  65496:            0 ... SL
     [6.9:6.15]        65492:        65524 ... FP *** inc ***
     [6.9:6.15]        65488:           78 ... RA 
    [9.12:9.14]        65484:           11 
     [9.1:9.14] SP =>  65480:            4 

[1m     [9.1:9.14]   109: RETN[0m

                       65532:           -1 
                       65528:           -1 
                FP =>  65524:            0 ... SL
                       65520:        65532 ... FP *** main ***
                       65516:           22 ... RA 
      [1.1:7.7]        65512:            4 ... var: x[1]
      [1.1:7.7]        65508:            3 ... var: x[0]
      [1.1:7.7]        65504:            0 ... var: i
     [9.1:9.14] SP =>  65500:           11 

[1m      [1.1:7.7]    78: PUSH 0[0m

                       65532:           -1 
                       65528:           -1 
                FP =>  65524:            0 ... SL
                       65520:        65532 ... FP *** main ***
                       65516:           22 ... RA 
      [1.1:7.7]        65512:            4 ... var: x[1]
      [1.1:7.7]        65508:            3 ... var: x[0]
      [1.1:7.7]        65504:            0 ... var: i
     [9.1:9.14]        65500:           11 
      [1.1:7.7] SP =>  65496:            0 

[1m      [1.1:7.7]    83: RETN[0m

                FP =>  65532:           -1 
                       65528:           -1 
      [1.1:7.7] SP =>  65524:           11 

[1m                   22: PUSH 0[0m

                FP =>  65532:           -1 
                       65528:           -1 
      [1.1:7.7]        65524:           11 
                SP =>  65520:            0 

[1m                   27: NAME exit[0m

                FP =>  65532:           -1 
                       65528:           -1 
      [1.1:7.7]        65524:           11 
                       65520:            0 
                SP =>  65516:           -1 

[1m                   32: CALL[0m

EXIT CODE (SP=65536): 11
:-) Done.
